main.c:99:5:main	16	static
main.c:269:6:SystemClock_Config	232	static
main.c:346:13:MX_ADC1_Init	48	static
main.c:419:13:MX_DFSDM1_Init	8	static
main.c:457:13:MX_I2C2_Init	8	static
main.c:503:13:MX_QUADSPI_Init	8	static
main.c:536:13:MX_SPI3_Init	8	static
main.c:576:13:MX_USART1_UART_Init	8	static
main.c:611:13:MX_USART3_UART_Init	8	static
main.c:646:13:MX_USB_OTG_FS_PCD_Init	8	static
main.c:681:13:MX_GPIO_Init	48	static
main.c:838:6:temp2str	16	static
main.c:848:6:powerOn	8	static
main.c:859:6:powerOff	8	static
main.c:873:6:addWaterf	24	static
main.c:883:6:brewing	224	static
main.c:912:5:__io_putchar	24	static
main.c:920:5:_write	32	static
main.c:937:6:Error_Handler	4	static
